{
  "type": "Document",
  "children": [
    {
      "type": "Header",
      "depth": 2,
      "children": [
        {
          "type": "Str",
          "value": "textarea",
          "loc": {
            "start": {
              "line": 1,
              "column": 3
            },
            "end": {
              "line": 1,
              "column": 11
            }
          },
          "range": [
            3,
            11
          ],
          "raw": "textarea"
        }
      ],
      "loc": {
        "start": {
          "line": 1,
          "column": 0
        },
        "end": {
          "line": 1,
          "column": 12
        }
      },
      "range": [
        0,
        12
      ],
      "raw": "## textarea "
    },
    {
      "type": "Paragraph",
      "children": [
        {
          "type": "Str",
          "value": "A simple textarea component ",
          "loc": {
            "start": {
              "line": 2,
              "column": 0
            },
            "end": {
              "line": 2,
              "column": 28
            }
          },
          "range": [
            13,
            41
          ],
          "raw": "A simple textarea component "
        }
      ],
      "loc": {
        "start": {
          "line": 2,
          "column": 0
        },
        "end": {
          "line": 2,
          "column": 28
        }
      },
      "range": [
        13,
        41
      ],
      "raw": "A simple textarea component "
    },
    {
      "type": "Header",
      "depth": 3,
      "children": [
        {
          "type": "Str",
          "value": "methods",
          "raw": "methods"
        }
      ],
      "raw": "### methods "
    },
    {
      "type": "Header",
      "depth": 3,
      "children": [
        {
          "type": "Str",
          "value": "NEW_HEADER",
          "raw": "NEW_HEADER"
        }
      ],
      "raw": "### NEW_HEADER "
    },
    {
      "type": "Str",
      "value": "NEW_PARAGRAPTH",
      "raw": "NEW_PARAGRAPTH"
    }
  ]
}
